
> correct-case@0.1.0 build
> next build

Γû▓ Next.js 16.1.4 (Turbopack)

  Creating an optimized production build ...
node.exe : 
At line:1 char:1
+ & "C:\Program 
Files\nodejs/node.exe" "C:\Program 
Files\nodejs/node_mo ...
+ ~~~~~~~~~~~~~~~~~~~~~~~~~~~~~~~~~
~~~~~~~~~~~~~~~~~~~~~~~~~~~~~~~~~~~
~
    + CategoryInfo          : NotS 
   pecified: (:String) [], Remote  
  Exception
    + FullyQualifiedErrorId : Nati 
   veCommandError
 
> Build error occurred
Error: Turbopack build failed with 
1 errors:
./app/globals.css
Error evaluating Node.js code
CssSyntaxError: C:\Users\safwa\.gem
ini\antigravity\scratch\correct-cas
e\app\globals.css:96:5: Unknown 
word 
 b a c k g r o u n d - c o l o r 
    at Input.error (node_modules/po
stcss/lib/input.js:135:16) [C:\User
s\safwa\.gemini\antigravity\scratch
\correct-case\.next\build\chunks\no
de_modules_fe693df6._.js:4651:22]
    at Parser.unknownWord (node_mod
ules/postcss/lib/parser.js:595:22) 
[C:\Users\safwa\.gemini\antigravity
\scratch\correct-case\.next\build\c
hunks\node_modules_fe693df6._.js:58
27:26]
    at Parser.decl (node_modules/po
stcss/lib/parser.js:236:16) [C:\Use
rs\safwa\.gemini\antigravity\scratc
h\correct-case\.next\build\chunks\n
ode_modules_fe693df6._.js:5510:26]
    at Parser.other (node_modules/p
ostcss/lib/parser.js:401:18) [C:\Us
ers\safwa\.gemini\antigravity\scrat
ch\correct-case\.next\build\chunks\
node_modules_fe693df6._.js:5656:30]
    at Parser.parse (node_modules/p
ostcss/lib/parser.js:472:16) [C:\Us
ers\safwa\.gemini\antigravity\scrat
ch\correct-case\.next\build\chunks\
node_modules_fe693df6._.js:5716:26]
    at parse (node_modules/postcss/
lib/parse.js:11:12) [C:\Users\safwa
\.gemini\antigravity\scratch\correc
t-case\.next\build\chunks\node_modu
les_fe693df6._.js:5853:16]
    at new LazyResult (node_modules
/postcss/lib/lazy-result.js:165:16)
 [C:\Users\safwa\.gemini\antigravit
y\scratch\correct-case\.next\build\
chunks\node_modules_fe693df6._.js:6
105:24]
    at Processor.process (node_modu
les/postcss/lib/processor.js:53:14)
 [C:\Users\safwa\.gemini\antigravit
y\scratch\correct-case\.next\build\
chunks\node_modules_fe693df6._.js:6
572:20]
    at transform (turbopack:///[tur
bopack-node]/transforms/postcss.ts:
70:51) [C:\Users\safwa\.gemini\anti
gravity\scratch\correct-case\.next\
build\chunks\[root-of-the-server]__
51225daf._.js:146:52]
    at run (turbopack:///[turbopack
-node]/ipc/evaluate.ts:92:29) [C:\U
sers\safwa\.gemini\antigravity\scra
tch\correct-case\.next\build\chunks
\[root-of-the-server]__974941ed._.j
s:443:37]

Import trace:
  Client Component Browser:
    ./app/globals.css [Client 
Component Browser]
    ./app/layout.tsx [Server 
Component]


    at transform (turbopack:///[tur
bopack-node]/transforms/postcss.ts:
70:51) [C:\Users\safwa\.gemini\anti
gravity\scratch\correct-case\.next\
build\chunks\[root-of-the-server]__
51225daf._.js:146:52])
    at run (turbopack:///[turbopack
-node]/ipc/evaluate.ts:92:29) [C:\U
sers\safwa\.gemini\antigravity\scra
tch\correct-case\.next\build\chunks
\[root-of-the-server]__974941ed._.j
s:443:37])
